2025-04-24 11:32:49 - Log scan started.
2025-04-24 11:32:49 - Critical issues found:
2025-01-06 21:35:56 install libgpg-error0:amd64 <none> 1.43-3
2025-01-06 21:35:56 status half-installed libgpg-error0:amd64 1.43-3
2025-01-06 21:35:56 status unpacked libgpg-error0:amd64 1.43-3
2025-01-06 21:35:59 configure libgpg-error0:amd64 1.43-3 <none>
2025-01-06 21:35:59 status unpacked libgpg-error0:amd64 1.43-3
2025-01-06 21:35:59 status half-configured libgpg-error0:amd64 1.43-3
2025-01-06 21:35:59 status installed libgpg-error0:amd64 1.43-3
2025-01-06 21:37:15 install liberror-perl:all <none> 0.17029-1
2025-01-06 21:37:15 status half-installed liberror-perl:all 0.17029-1
2025-01-06 21:37:15 status unpacked liberror-perl:all 0.17029-1
2025-01-06 21:37:50 configure liberror-perl:all 0.17029-1 <none>
2025-01-06 21:37:50 status unpacked liberror-perl:all 0.17029-1
2025-01-06 21:37:50 status half-configured liberror-perl:all 0.17029-1
2025-01-06 21:37:50 status installed liberror-perl:all 0.17029-1
2025-04-24 11:35:28 - Log scan started.
2025-04-24 11:35:28 - Critical issues found:
2025-01-06 21:35:56 install libgpg-error0:amd64 <none> 1.43-3
2025-01-06 21:35:56 status half-installed libgpg-error0:amd64 1.43-3
2025-01-06 21:35:56 status unpacked libgpg-error0:amd64 1.43-3
2025-01-06 21:35:59 configure libgpg-error0:amd64 1.43-3 <none>
2025-01-06 21:35:59 status unpacked libgpg-error0:amd64 1.43-3
2025-01-06 21:35:59 status half-configured libgpg-error0:amd64 1.43-3
2025-01-06 21:35:59 status installed libgpg-error0:amd64 1.43-3
2025-01-06 21:37:15 install liberror-perl:all <none> 0.17029-1
2025-01-06 21:37:15 status half-installed liberror-perl:all 0.17029-1
2025-01-06 21:37:15 status unpacked liberror-perl:all 0.17029-1
2025-01-06 21:37:50 configure liberror-perl:all 0.17029-1 <none>
2025-01-06 21:37:50 status unpacked liberror-perl:all 0.17029-1
2025-01-06 21:37:50 status half-configured liberror-perl:all 0.17029-1
2025-01-06 21:37:50 status installed liberror-perl:all 0.17029-1
2025-04-24 11:39:49 - Log scan started.
2025-04-24 11:39:49 - Critical issues found:
2025-01-06 21:35:56 install libgpg-error0:amd64 <none> 1.43-3
2025-01-06 21:35:56 status half-installed libgpg-error0:amd64 1.43-3
2025-01-06 21:35:56 status unpacked libgpg-error0:amd64 1.43-3
2025-01-06 21:35:59 configure libgpg-error0:amd64 1.43-3 <none>
2025-01-06 21:35:59 status unpacked libgpg-error0:amd64 1.43-3
2025-01-06 21:35:59 status half-configured libgpg-error0:amd64 1.43-3
2025-01-06 21:35:59 status installed libgpg-error0:amd64 1.43-3
2025-01-06 21:37:15 install liberror-perl:all <none> 0.17029-1
2025-01-06 21:37:15 status half-installed liberror-perl:all 0.17029-1
2025-01-06 21:37:15 status unpacked liberror-perl:all 0.17029-1
2025-01-06 21:37:50 configure liberror-perl:all 0.17029-1 <none>
2025-01-06 21:37:50 status unpacked liberror-perl:all 0.17029-1
2025-01-06 21:37:50 status half-configured liberror-perl:all 0.17029-1
2025-01-06 21:37:50 status installed liberror-perl:all 0.17029-1
2025-04-24 11:47:55 - Log scan started.
2025-04-24 11:47:55 - Critical issues found:
2025-01-06 21:35:56 install libgpg-error0:amd64 <none> 1.43-3
2025-01-06 21:35:56 status half-installed libgpg-error0:amd64 1.43-3
2025-01-06 21:35:56 status unpacked libgpg-error0:amd64 1.43-3
2025-01-06 21:35:59 configure libgpg-error0:amd64 1.43-3 <none>
2025-01-06 21:35:59 status unpacked libgpg-error0:amd64 1.43-3
2025-01-06 21:35:59 status half-configured libgpg-error0:amd64 1.43-3
2025-01-06 21:35:59 status installed libgpg-error0:amd64 1.43-3
2025-01-06 21:37:15 install liberror-perl:all <none> 0.17029-1
2025-01-06 21:37:15 status half-installed liberror-perl:all 0.17029-1
2025-01-06 21:37:15 status unpacked liberror-perl:all 0.17029-1
2025-01-06 21:37:50 configure liberror-perl:all 0.17029-1 <none>
2025-01-06 21:37:50 status unpacked liberror-perl:all 0.17029-1
2025-01-06 21:37:50 status half-configured liberror-perl:all 0.17029-1
2025-01-06 21:37:50 status installed liberror-perl:all 0.17029-1
